2026-08-25T10:16:36.773+03:00  INFO 12688 --- [springBoot] [File Watcher] rtingClassPathChangeChangedEventListener : Restarting due to 3 class path changes (0 additions, 3 deletions, 0 modifications)
2026-08-25T10:16:36.813+03:00  INFO 12688 --- [springBoot] [Thread-5] o.s.b.w.e.tomcat.GracefulShutdown        : Commencing graceful shutdown. Waiting for active requests to complete
2026-08-25T10:16:36.831+03:00  INFO 12688 --- [springBoot] [tomcat-shutdown] o.s.b.w.e.tomcat.GracefulShutdown        : Graceful shutdown complete
2026-08-25T10:16:36.868+03:00  INFO 12688 --- [springBoot] [Thread-5] j.LocalContainerEntityManagerFactoryBean : Closing JPA EntityManagerFactory for persistence unit 'default'
2026-08-25T10:16:36.882+03:00  INFO 12688 --- [springBoot] [Thread-5] com.zaxxer.hikari.HikariDataSource       : HikariPool-1 - Shutdown initiated...
2026-08-25T10:16:36.924+03:00  INFO 12688 --- [springBoot] [Thread-5] com.zaxxer.hikari.HikariDataSource       : HikariPool-1 - Shutdown completed.
2026-08-25T10:16:37.219+03:00  INFO 12688 --- [springBoot] [restartedMain] .WebApplicationShopSpringBootApplication : Starting WebApplicationShopSpringBootApplication using Java 21.0.11 with PID 12688 (C:\Users\System Administrator\IdeaProjects\Web_Application_Shop_Spring_Boot\target\classes started by System Administrator in C:\Users\System Administrator\IdeaProjects\Web_Application_Shop_Spring_Boot)
2026-08-25T10:16:37.220+03:00  INFO 12688 --- [springBoot] [restartedMain] .WebApplicationShopSpringBootApplication : No active profile set, falling back to 1 default profile: "default"
2026-08-25T10:16:38.014+03:00  INFO 12688 --- [springBoot] [restartedMain] .s.d.r.c.RepositoryConfigurationDelegate : Bootstrapping Spring Data JPA repositories in DEFAULT mode.
2026-08-25T10:16:38.165+03:00  INFO 12688 --- [springBoot] [restartedMain] .s.d.r.c.RepositoryConfigurationDelegate : Finished Spring Data repository scanning in 149 ms. Found 11 JPA repository interfaces.
2026-08-25T10:16:38.618+03:00  INFO 12688 --- [springBoot] [restartedMain] o.s.b.w.embedded.tomcat.TomcatWebServer  : Tomcat initialized with port 8080 (http)
2026-08-25T10:16:38.620+03:00  INFO 12688 --- [springBoot] [restartedMain] o.apache.catalina.core.StandardService   : Starting service [Tomcat]
2026-08-25T10:16:38.620+03:00  INFO 12688 --- [springBoot] [restartedMain] o.apache.catalina.core.StandardEngine    : Starting Servlet engine: [Apache Tomcat/10.1.34]
2026-08-25T10:16:38.646+03:00  INFO 12688 --- [springBoot] [restartedMain] o.a.c.c.C.[Tomcat].[localhost].[/]       : Initializing Spring embedded WebApplicationContext
2026-08-25T10:16:38.646+03:00  INFO 12688 --- [springBoot] [restartedMain] w.s.c.ServletWebServerApplicationContext : Root WebApplicationContext: initialization completed in 1423 ms
2026-08-25T10:16:38.777+03:00  WARN 12688 --- [springBoot] [restartedMain] o.a.c.c.C.[Tomcat].[localhost].[/]       : Cannot deserialize session attribute [SPRING_SECURITY_CONTEXT] for session [C1B0B510227FC183A09718739BD41769]
2026-08-25T10:16:38.819+03:00  INFO 12688 --- [springBoot] [restartedMain] com.zaxxer.hikari.HikariDataSource       : HikariPool-2 - Starting...
2026-08-25T10:16:38.867+03:00  INFO 12688 --- [springBoot] [restartedMain] com.zaxxer.hikari.pool.HikariPool        : HikariPool-2 - Added connection com.mysql.cj.jdbc.ConnectionImpl@6b2c7e92
2026-08-25T10:16:38.867+03:00  INFO 12688 --- [springBoot] [restartedMain] com.zaxxer.hikari.HikariDataSource       : HikariPool-2 - Start completed.
2026-08-25T10:16:39.202+03:00  INFO 12688 --- [springBoot] [restartedMain] liquibase.changelog                      : Reading from ShopSpringBoot.databasechangelog
2026-08-25T10:16:39.243+03:00  INFO 12688 --- [springBoot] [restartedMain] liquibase.ui                             : Database is up to date, no changesets to execute
2026-08-25T10:16:39.246+03:00  INFO 12688 --- [springBoot] [restartedMain] liquibase.changelog                      : Reading from ShopSpringBoot.databasechangelog
2026-08-25T10:16:39.251+03:00  INFO 12688 --- [springBoot] [restartedMain] liquibase.util                           : UPDATE SUMMARY
2026-08-25T10:16:39.251+03:00  INFO 12688 --- [springBoot] [restartedMain] liquibase.util                           : Run:                          0
2026-08-25T10:16:39.251+03:00  INFO 12688 --- [springBoot] [restartedMain] liquibase.util                           : Previously run:              15
2026-08-25T10:16:39.251+03:00  INFO 12688 --- [springBoot] [restartedMain] liquibase.util                           : Filtered out:                 0
2026-08-25T10:16:39.252+03:00  INFO 12688 --- [springBoot] [restartedMain] liquibase.util                           : -------------------------------
2026-08-25T10:16:39.252+03:00  INFO 12688 --- [springBoot] [restartedMain] liquibase.util                           : Total change sets:           15
2026-08-25T10:16:39.252+03:00  INFO 12688 --- [springBoot] [restartedMain] liquibase.util                           : Update summary generated
2026-08-25T10:16:39.252+03:00  INFO 12688 --- [springBoot] [restartedMain] liquibase.command                        : Command execution complete
2026-08-25T10:16:39.298+03:00  INFO 12688 --- [springBoot] [restartedMain] o.hibernate.jpa.internal.util.LogHelper  : HHH000204: Processing PersistenceUnitInfo [name: default]
2026-08-25T10:16:39.302+03:00  INFO 12688 --- [springBoot] [restartedMain] o.h.c.internal.RegionFactoryInitiator    : HHH000026: Second-level cache disabled
2026-08-25T10:16:39.318+03:00  INFO 12688 --- [springBoot] [restartedMain] o.s.o.j.p.SpringPersistenceUnitInfo      : No LoadTimeWeaver setup: ignoring JPA class transformer
2026-08-25T10:16:39.321+03:00  INFO 12688 --- [springBoot] [restartedMain] org.hibernate.orm.connections.pooling    : HHH10001005: Database info:
	Database JDBC URL [Connecting through datasource 'HikariDataSource (HikariPool-2)']
	Database driver: undefined/unknown
	Database version: 8.0.45
	Autocommit mode: undefined/unknown
	Isolation level: undefined/unknown
	Minimum pool size: undefined/unknown
	Maximum pool size: undefined/unknown
2026-08-25T10:16:39.656+03:00  INFO 12688 --- [springBoot] [restartedMain] o.h.e.t.j.p.i.JtaPlatformInitiator       : HHH000489: No JTA platform available (set 'hibernate.transaction.jta.platform' to enable JTA platform integration)
2026-08-25T10:16:39.656+03:00  INFO 12688 --- [springBoot] [restartedMain] j.LocalContainerEntityManagerFactoryBean : Initialized JPA EntityManagerFactory for persistence unit 'default'
2026-08-25T10:16:40.037+03:00  WARN 12688 --- [springBoot] [restartedMain] JpaBaseConfiguration$JpaWebConfiguration : spring.jpa.open-in-view is enabled by default. Therefore, database queries may be performed during view rendering. Explicitly configure spring.jpa.open-in-view to disable this warning
2026-08-25T10:16:40.061+03:00  INFO 12688 --- [springBoot] [restartedMain] r$InitializeUserDetailsManagerConfigurer : Global AuthenticationManager configured with UserDetailsService bean with name userSecurityService
2026-08-25T10:16:40.312+03:00  INFO 12688 --- [springBoot] [restartedMain] o.s.b.a.e.web.EndpointLinksResolver      : Exposing 1 endpoint beneath base path '/actuator'
2026-08-25T10:16:40.641+03:00  INFO 12688 --- [springBoot] [restartedMain] o.s.b.d.a.OptionalLiveReloadServer       : LiveReload server is running on port 35729
2026-08-25T10:16:40.663+03:00  INFO 12688 --- [springBoot] [restartedMain] o.s.b.w.embedded.tomcat.TomcatWebServer  : Tomcat started on port 8080 (http) with context path '/'
2026-08-25T10:16:40.669+03:00  INFO 12688 --- [springBoot] [restartedMain] .WebApplicationShopSpringBootApplication : Started WebApplicationShopSpringBootApplication in 3.496 seconds (process running for 357.851)
2026-08-25T10:16:40.672+03:00  INFO 12688 --- [springBoot] [restartedMain] .ConditionEvaluationDeltaLoggingListener : Condition evaluation unchanged
2026-08-25T10:16:42.264+03:00  INFO 12688 --- [springBoot] [File Watcher] rtingClassPathChangeChangedEventListener : Restarting due to 3 class path changes (3 additions, 0 deletions, 0 modifications)
2026-08-25T10:16:42.265+03:00  INFO 12688 --- [springBoot] [Thread-7] o.s.b.w.e.tomcat.GracefulShutdown        : Commencing graceful shutdown. Waiting for active requests to complete
2026-08-25T10:16:42.270+03:00  INFO 12688 --- [springBoot] [tomcat-shutdown] o.s.b.w.e.tomcat.GracefulShutdown        : Graceful shutdown complete
2026-08-25T10:16:42.273+03:00  INFO 12688 --- [springBoot] [Thread-7] j.LocalContainerEntityManagerFactoryBean : Closing JPA EntityManagerFactory for persistence unit 'default'
2026-08-25T10:16:42.274+03:00  INFO 12688 --- [springBoot] [Thread-7] com.zaxxer.hikari.HikariDataSource       : HikariPool-2 - Shutdown initiated...
2026-08-25T10:16:42.279+03:00  INFO 12688 --- [springBoot] [Thread-7] com.zaxxer.hikari.HikariDataSource       : HikariPool-2 - Shutdown completed.
2026-08-25T10:16:42.366+03:00  INFO 12688 --- [springBoot] [restartedMain] .WebApplicationShopSpringBootApplication : Starting WebApplicationShopSpringBootApplication using Java 21.0.11 with PID 12688 (C:\Users\System Administrator\IdeaProjects\Web_Application_Shop_Spring_Boot\target\classes started by System Administrator in C:\Users\System Administrator\IdeaProjects\Web_Application_Shop_Spring_Boot)
2026-08-25T10:16:42.366+03:00  INFO 12688 --- [springBoot] [restartedMain] .WebApplicationShopSpringBootApplication : No active profile set, falling back to 1 default profile: "default"
2026-08-25T10:16:42.670+03:00  INFO 12688 --- [springBoot] [restartedMain] .s.d.r.c.RepositoryConfigurationDelegate : Bootstrapping Spring Data JPA repositories in DEFAULT mode.
2026-08-25T10:16:42.734+03:00  INFO 12688 --- [springBoot] [restartedMain] .s.d.r.c.RepositoryConfigurationDelegate : Finished Spring Data repository scanning in 62 ms. Found 11 JPA repository interfaces.
2026-08-25T10:16:42.888+03:00  INFO 12688 --- [springBoot] [restartedMain] o.s.b.w.embedded.tomcat.TomcatWebServer  : Tomcat initialized with port 8080 (http)
2026-08-25T10:16:42.889+03:00  INFO 12688 --- [springBoot] [restartedMain] o.apache.catalina.core.StandardService   : Starting service [Tomcat]
2026-08-25T10:16:42.889+03:00  INFO 12688 --- [springBoot] [restartedMain] o.apache.catalina.core.StandardEngine    : Starting Servlet engine: [Apache Tomcat/10.1.34]
2026-08-25T10:16:42.916+03:00  INFO 12688 --- [springBoot] [restartedMain] o.a.c.c.C.[Tomcat].[localhost].[/]       : Initializing Spring embedded WebApplicationContext
2026-08-25T10:16:42.916+03:00  INFO 12688 --- [springBoot] [restartedMain] w.s.c.ServletWebServerApplicationContext : Root WebApplicationContext: initialization completed in 549 ms
2026-08-25T10:16:43.116+03:00  INFO 12688 --- [springBoot] [restartedMain] com.zaxxer.hikari.HikariDataSource       : HikariPool-3 - Starting...
2026-08-25T10:16:43.128+03:00  INFO 12688 --- [springBoot] [restartedMain] com.zaxxer.hikari.pool.HikariPool        : HikariPool-3 - Added connection com.mysql.cj.jdbc.ConnectionImpl@774990e5
2026-08-25T10:16:43.129+03:00  INFO 12688 --- [springBoot] [restartedMain] com.zaxxer.hikari.HikariDataSource       : HikariPool-3 - Start completed.
2026-08-25T10:16:43.427+03:00  INFO 12688 --- [springBoot] [restartedMain] liquibase.changelog                      : Reading from ShopSpringBoot.databasechangelog
2026-08-25T10:16:43.478+03:00  INFO 12688 --- [springBoot] [restartedMain] liquibase.ui                             : Database is up to date, no changesets to execute
2026-08-25T10:16:43.483+03:00  INFO 12688 --- [springBoot] [restartedMain] liquibase.changelog                      : Reading from ShopSpringBoot.databasechangelog
2026-08-25T10:16:43.490+03:00  INFO 12688 --- [springBoot] [restartedMain] liquibase.util                           : UPDATE SUMMARY
2026-08-25T10:16:43.490+03:00  INFO 12688 --- [springBoot] [restartedMain] liquibase.util                           : Run:                          0
2026-08-25T10:16:43.490+03:00  INFO 12688 --- [springBoot] [restartedMain] liquibase.util                           : Previously run:              15
2026-08-25T10:16:43.490+03:00  INFO 12688 --- [springBoot] [restartedMain] liquibase.util                           : Filtered out:                 0
2026-08-25T10:16:43.490+03:00  INFO 12688 --- [springBoot] [restartedMain] liquibase.util                           : -------------------------------
2026-08-25T10:16:43.490+03:00  INFO 12688 --- [springBoot] [restartedMain] liquibase.util                           : Total change sets:           15
2026-08-25T10:16:43.490+03:00  INFO 12688 --- [springBoot] [restartedMain] liquibase.util                           : Update summary generated
2026-08-25T10:16:43.491+03:00  INFO 12688 --- [springBoot] [restartedMain] liquibase.command                        : Command execution complete
2026-08-25T10:16:43.549+03:00  INFO 12688 --- [springBoot] [restartedMain] o.hibernate.jpa.internal.util.LogHelper  : HHH000204: Processing PersistenceUnitInfo [name: default]
2026-08-25T10:16:43.550+03:00  INFO 12688 --- [springBoot] [restartedMain] o.h.c.internal.RegionFactoryInitiator    : HHH000026: Second-level cache disabled
2026-08-25T10:16:43.558+03:00  INFO 12688 --- [springBoot] [restartedMain] o.s.o.j.p.SpringPersistenceUnitInfo      : No LoadTimeWeaver setup: ignoring JPA class transformer
2026-08-25T10:16:43.562+03:00  INFO 12688 --- [springBoot] [restartedMain] org.hibernate.orm.connections.pooling    : HHH10001005: Database info:
	Database JDBC URL [Connecting through datasource 'HikariDataSource (HikariPool-3)']
	Database driver: undefined/unknown
	Database version: 8.0.45
	Autocommit mode: undefined/unknown
	Isolation level: undefined/unknown
	Minimum pool size: undefined/unknown
	Maximum pool size: undefined/unknown
2026-08-25T10:16:43.746+03:00  INFO 12688 --- [springBoot] [restartedMain] o.h.e.t.j.p.i.JtaPlatformInitiator       : HHH000489: No JTA platform available (set 'hibernate.transaction.jta.platform' to enable JTA platform integration)
2026-08-25T10:16:43.746+03:00  INFO 12688 --- [springBoot] [restartedMain] j.LocalContainerEntityManagerFactoryBean : Initialized JPA EntityManagerFactory for persistence unit 'default'
2026-08-25T10:16:44.167+03:00  WARN 12688 --- [springBoot] [restartedMain] JpaBaseConfiguration$JpaWebConfiguration : spring.jpa.open-in-view is enabled by default. Therefore, database queries may be performed during view rendering. Explicitly configure spring.jpa.open-in-view to disable this warning
2026-08-25T10:16:44.203+03:00  INFO 12688 --- [springBoot] [restartedMain] r$InitializeUserDetailsManagerConfigurer : Global AuthenticationManager configured with UserDetailsService bean with name userSecurityService
2026-08-25T10:16:44.546+03:00  INFO 12688 --- [springBoot] [restartedMain] o.s.b.a.e.web.EndpointLinksResolver      : Exposing 1 endpoint beneath base path '/actuator'
2026-08-25T10:16:44.919+03:00  INFO 12688 --- [springBoot] [restartedMain] o.s.b.d.a.OptionalLiveReloadServer       : LiveReload server is running on port 35729
2026-08-25T10:16:44.951+03:00  INFO 12688 --- [springBoot] [restartedMain] o.s.b.w.embedded.tomcat.TomcatWebServer  : Tomcat started on port 8080 (http) with context path '/'
2026-08-25T10:16:44.958+03:00  INFO 12688 --- [springBoot] [restartedMain] .WebApplicationShopSpringBootApplication : Started WebApplicationShopSpringBootApplication in 2.616 seconds (process running for 362.14)
2026-08-25T10:16:44.961+03:00  INFO 12688 --- [springBoot] [restartedMain] .ConditionEvaluationDeltaLoggingListener : Condition evaluation unchanged
2026-08-25T10:21:50.907+03:00  INFO 12688 --- [springBoot] [File Watcher] rtingClassPathChangeChangedEventListener : Restarting due to 3 class path changes (0 additions, 3 deletions, 0 modifications)
2026-08-25T10:21:51.003+03:00  INFO 12688 --- [springBoot] [Thread-11] o.s.b.w.e.tomcat.GracefulShutdown        : Commencing graceful shutdown. Waiting for active requests to complete
2026-08-25T10:21:51.019+03:00  INFO 12688 --- [springBoot] [tomcat-shutdown] o.s.b.w.e.tomcat.GracefulShutdown        : Graceful shutdown complete
2026-08-25T10:21:51.040+03:00  INFO 12688 --- [springBoot] [Thread-11] j.LocalContainerEntityManagerFactoryBean : Closing JPA EntityManagerFactory for persistence unit 'default'
2026-08-25T10:21:51.063+03:00  INFO 12688 --- [springBoot] [Thread-11] com.zaxxer.hikari.HikariDataSource       : HikariPool-3 - Shutdown initiated...
2026-08-25T10:21:51.100+03:00  INFO 12688 --- [springBoot] [Thread-11] com.zaxxer.hikari.HikariDataSource       : HikariPool-3 - Shutdown completed.
2026-08-25T10:21:51.516+03:00  INFO 12688 --- [springBoot] [restartedMain] .WebApplicationShopSpringBootApplication : Starting WebApplicationShopSpringBootApplication using Java 21.0.11 with PID 12688 (C:\Users\System Administrator\IdeaProjects\Web_Application_Shop_Spring_Boot\target\classes started by System Administrator in C:\Users\System Administrator\IdeaProjects\Web_Application_Shop_Spring_Boot)
2026-08-25T10:21:51.516+03:00  INFO 12688 --- [springBoot] [restartedMain] .WebApplicationShopSpringBootApplication : No active profile set, falling back to 1 default profile: "default"
2026-08-25T10:21:51.997+03:00  INFO 12688 --- [springBoot] [restartedMain] .s.d.r.c.RepositoryConfigurationDelegate : Bootstrapping Spring Data JPA repositories in DEFAULT mode.
2026-08-25T10:21:52.033+03:00  WARN 12688 --- [springBoot] [restartedMain] ConfigServletWebServerApplicationContext : Exception encountered during context initialization - cancelling refresh attempt: java.lang.TypeNotPresentException: Type org.example.webApplicationShopSpringBoot.model.user.User not present
2026-08-25T10:21:52.041+03:00  INFO 12688 --- [springBoot] [restartedMain] .s.b.a.l.ConditionEvaluationReportLogger : 

Error starting ApplicationContext. To display the condition evaluation report re-run your application with 'debug' enabled.
2026-08-25T10:21:52.071+03:00 ERROR 12688 --- [springBoot] [restartedMain] o.s.boot.SpringApplication               : Application run failed

java.lang.TypeNotPresentException: Type org.example.webApplicationShopSpringBoot.model.user.User not present
	at java.base/sun.reflect.generics.factory.CoreReflectionFactory.makeNamedType(CoreReflectionFactory.java:117) ~[na:na]
	at java.base/sun.reflect.generics.visitor.Reifier.visitClassTypeSignature(Reifier.java:125) ~[na:na]
	at java.base/sun.reflect.generics.tree.ClassTypeSignature.accept(ClassTypeSignature.java:49) ~[na:na]
	at java.base/sun.reflect.generics.visitor.Reifier.reifyTypeArguments(Reifier.java:68) ~[na:na]
	at java.base/sun.reflect.generics.visitor.Reifier.visitClassTypeSignature(Reifier.java:138) ~[na:na]
	at java.base/sun.reflect.generics.tree.ClassTypeSignature.accept(ClassTypeSignature.java:49) ~[na:na]
	at java.base/sun.reflect.generics.repository.ClassRepository.computeSuperInterfaces(ClassRepository.java:117) ~[na:na]
	at java.base/sun.reflect.generics.repository.ClassRepository.getSuperInterfaces(ClassRepository.java:95) ~[na:na]
	at java.base/java.lang.Class.getGenericInterfaces(Class.java:1298) ~[na:na]
	at org.springframework.core.ResolvableType.getInterfaces(ResolvableType.java:554) ~[spring-core-6.2.2.jar:6.2.2]
	at org.springframework.core.ResolvableType.as(ResolvableType.java:502) ~[spring-core-6.2.2.jar:6.2.2]
	at org.springframework.data.util.TypeDiscoverer.getSuperTypeInformation(TypeDiscoverer.java:263) ~[spring-data-commons-3.4.2.jar:3.4.2]
	at org.springframework.data.util.ClassTypeInformation.getSuperTypeInformation(ClassTypeInformation.java:37) ~[spring-data-commons-3.4.2.jar:3.4.2]
	at org.springframework.data.util.TypeInformation.getRequiredSuperTypeInformation(TypeInformation.java:327) ~[spring-data-commons-3.4.2.jar:3.4.2]
	at org.springframework.data.repository.core.support.DefaultRepositoryMetadata.<init>(DefaultRepositoryMetadata.java:55) ~[spring-data-commons-3.4.2.jar:3.4.2]
	at org.springframework.data.repository.core.support.AbstractRepositoryMetadata.getMetadata(AbstractRepositoryMetadata.java:79) ~[spring-data-commons-3.4.2.jar:3.4.2]
	at org.springframework.data.repository.config.RepositoryConfigurationExtensionSupport.getRepositoryConfigurations(RepositoryConfigurationExtensionSupport.java:93) ~[spring-data-commons-3.4.2.jar:3.4.2]
	at org.springframework.data.repository.config.RepositoryConfigurationDelegate.registerRepositoriesIn(RepositoryConfigurationDelegate.java:168) ~[spring-data-commons-3.4.2.jar:3.4.2]
	at org.springframework.boot.autoconfigure.data.AbstractRepositoryConfigurationSourceSupport.registerBeanDefinitions(AbstractRepositoryConfigurationSourceSupport.java:62) ~[spring-boot-autoconfigure-3.4.2.jar:3.4.2]
	at org.springframework.context.annotation.ConfigurationClassBeanDefinitionReader.lambda$loadBeanDefinitionsFromRegistrars$1(ConfigurationClassBeanDefinitionReader.java:397) ~[spring-context-6.2.2.jar:6.2.2]
	at java.base/java.util.LinkedHashMap.forEach(LinkedHashMap.java:986) ~[na:na]
	at org.springframework.context.annotation.ConfigurationClassBeanDefinitionReader.loadBeanDefinitionsFromRegistrars(ConfigurationClassBeanDefinitionReader.java:396) ~[spring-context-6.2.2.jar:6.2.2]
	at org.springframework.context.annotation.ConfigurationClassBeanDefinitionReader.loadBeanDefinitionsForConfigurationClass(ConfigurationClassBeanDefinitionReader.java:149) ~[spring-context-6.2.2.jar:6.2.2]
	at org.springframework.context.annotation.ConfigurationClassBeanDefinitionReader.loadBeanDefinitions(ConfigurationClassBeanDefinitionReader.java:121) ~[spring-context-6.2.2.jar:6.2.2]
	at org.springframework.context.annotation.ConfigurationClassPostProcessor.processConfigBeanDefinitions(ConfigurationClassPostProcessor.java:430) ~[spring-context-6.2.2.jar:6.2.2]
	at org.springframework.context.annotation.ConfigurationClassPostProcessor.postProcessBeanDefinitionRegistry(ConfigurationClassPostProcessor.java:290) ~[spring-context-6.2.2.jar:6.2.2]
	at org.springframework.context.support.PostProcessorRegistrationDelegate.invokeBeanDefinitionRegistryPostProcessors(PostProcessorRegistrationDelegate.java:349) ~[spring-context-6.2.2.jar:6.2.2]
	at org.springframework.context.support.PostProcessorRegistrationDelegate.invokeBeanFactoryPostProcessors(PostProcessorRegistrationDelegate.java:118) ~[spring-context-6.2.2.jar:6.2.2]
	at org.springframework.context.support.AbstractApplicationContext.invokeBeanFactoryPostProcessors(AbstractApplicationContext.java:791) ~[spring-context-6.2.2.jar:6.2.2]
	at org.springframework.context.support.AbstractApplicationContext.refresh(AbstractApplicationContext.java:609) ~[spring-context-6.2.2.jar:6.2.2]
	at org.springframework.boot.web.servlet.context.ServletWebServerApplicationContext.refresh(ServletWebServerApplicationContext.java:146) ~[spring-boot-3.4.2.jar:3.4.2]
	at org.springframework.boot.SpringApplication.refresh(SpringApplication.java:752) ~[spring-boot-3.4.2.jar:3.4.2]
	at org.springframework.boot.SpringApplication.refreshContext(SpringApplication.java:439) ~[spring-boot-3.4.2.jar:3.4.2]
	at org.springframework.boot.SpringApplication.run(SpringApplication.java:318) ~[spring-boot-3.4.2.jar:3.4.2]
	at org.springframework.boot.SpringApplication.run(SpringApplication.java:1361) ~[spring-boot-3.4.2.jar:3.4.2]
	at org.springframework.boot.SpringApplication.run(SpringApplication.java:1350) ~[spring-boot-3.4.2.jar:3.4.2]
	at org.example.webApplicationShopSpringBoot.WebApplicationShopSpringBootApplication.main(WebApplicationShopSpringBootApplication.java:10) ~[classes/:na]
	at java.base/jdk.internal.reflect.DirectMethodHandleAccessor.invoke(DirectMethodHandleAccessor.java:103) ~[na:na]
	at java.base/java.lang.reflect.Method.invoke(Method.java:580) ~[na:na]
	at org.springframework.boot.devtools.restart.RestartLauncher.run(RestartLauncher.java:50) ~[spring-boot-devtools-3.4.2.jar:3.4.2]
Caused by: java.lang.ClassNotFoundException: org.example.webApplicationShopSpringBoot.model.user.User
	at java.base/jdk.internal.loader.BuiltinClassLoader.loadClass(BuiltinClassLoader.java:641) ~[na:na]
	at java.base/jdk.internal.loader.ClassLoaders$AppClassLoader.loadClass(ClassLoaders.java:188) ~[na:na]
	at java.base/java.lang.ClassLoader.loadClass(ClassLoader.java:526) ~[na:na]
	at java.base/java.lang.Class.forName0(Native Method) ~[na:na]
	at java.base/java.lang.Class.forName(Class.java:536) ~[na:na]
	at java.base/java.lang.Class.forName(Class.java:515) ~[na:na]
	at org.springframework.boot.devtools.restart.classloader.RestartClassLoader.loadClass(RestartClassLoader.java:121) ~[spring-boot-devtools-3.4.2.jar:3.4.2]
	at java.base/java.lang.ClassLoader.loadClass(ClassLoader.java:526) ~[na:na]
	at java.base/java.lang.Class.forName0(Native Method) ~[na:na]
	at java.base/java.lang.Class.forName(Class.java:536) ~[na:na]
	at java.base/java.lang.Class.forName(Class.java:515) ~[na:na]
	at java.base/sun.reflect.generics.factory.CoreReflectionFactory.makeNamedType(CoreReflectionFactory.java:114) ~[na:na]
	... 39 common frames omitted

2026-08-25T10:22:40.771+03:00  INFO 12688 --- [springBoot] [restartedMain] .WebApplicationShopSpringBootApplication : Starting WebApplicationShopSpringBootApplication using Java 21.0.11 with PID 12688 (C:\Users\System Administrator\IdeaProjects\Web_Application_Shop_Spring_Boot\target\classes started by System Administrator in C:\Users\System Administrator\IdeaProjects\Web_Application_Shop_Spring_Boot)
2026-08-25T10:22:40.773+03:00  INFO 12688 --- [springBoot] [restartedMain] .WebApplicationShopSpringBootApplication : No active profile set, falling back to 1 default profile: "default"
2026-08-25T10:22:41.318+03:00  INFO 12688 --- [springBoot] [restartedMain] .s.d.r.c.RepositoryConfigurationDelegate : Bootstrapping Spring Data JPA repositories in DEFAULT mode.
2026-08-25T10:22:41.380+03:00  INFO 12688 --- [springBoot] [restartedMain] .s.d.r.c.RepositoryConfigurationDelegate : Finished Spring Data repository scanning in 61 ms. Found 11 JPA repository interfaces.
2026-08-25T10:22:41.603+03:00  INFO 12688 --- [springBoot] [restartedMain] o.s.b.w.embedded.tomcat.TomcatWebServer  : Tomcat initialized with port 8080 (http)
2026-08-25T10:22:41.605+03:00  INFO 12688 --- [springBoot] [restartedMain] o.apache.catalina.core.StandardService   : Starting service [Tomcat]
2026-08-25T10:22:41.606+03:00  INFO 12688 --- [springBoot] [restartedMain] o.apache.catalina.core.StandardEngine    : Starting Servlet engine: [Apache Tomcat/10.1.34]
2026-08-25T10:22:41.633+03:00  INFO 12688 --- [springBoot] [restartedMain] o.a.c.c.C.[Tomcat].[localhost].[/]       : Initializing Spring embedded WebApplicationContext
2026-08-25T10:22:41.633+03:00  INFO 12688 --- [springBoot] [restartedMain] w.s.c.ServletWebServerApplicationContext : Root WebApplicationContext: initialization completed in 855 ms
2026-08-25T10:22:41.759+03:00  INFO 12688 --- [springBoot] [restartedMain] com.zaxxer.hikari.HikariDataSource       : HikariPool-4 - Starting...
2026-08-25T10:22:41.801+03:00  INFO 12688 --- [springBoot] [restartedMain] com.zaxxer.hikari.pool.HikariPool        : HikariPool-4 - Added connection com.mysql.cj.jdbc.ConnectionImpl@393c3d25
2026-08-25T10:22:41.802+03:00  INFO 12688 --- [springBoot] [restartedMain] com.zaxxer.hikari.HikariDataSource       : HikariPool-4 - Start completed.
2026-08-25T10:22:42.311+03:00  INFO 12688 --- [springBoot] [restartedMain] liquibase.changelog                      : Reading from ShopSpringBoot.databasechangelog
2026-08-25T10:22:42.335+03:00  INFO 12688 --- [springBoot] [restartedMain] liquibase.ui                             : Database is up to date, no changesets to execute
2026-08-25T10:22:42.337+03:00  INFO 12688 --- [springBoot] [restartedMain] liquibase.changelog                      : Reading from ShopSpringBoot.databasechangelog
2026-08-25T10:22:42.341+03:00  INFO 12688 --- [springBoot] [restartedMain] liquibase.util                           : UPDATE SUMMARY
2026-08-25T10:22:42.342+03:00  INFO 12688 --- [springBoot] [restartedMain] liquibase.util                           : Run:                          0
2026-08-25T10:22:42.342+03:00  INFO 12688 --- [springBoot] [restartedMain] liquibase.util                           : Previously run:              15
2026-08-25T10:22:42.342+03:00  INFO 12688 --- [springBoot] [restartedMain] liquibase.util                           : Filtered out:                 0
2026-08-25T10:22:42.342+03:00  INFO 12688 --- [springBoot] [restartedMain] liquibase.util                           : -------------------------------
2026-08-25T10:22:42.342+03:00  INFO 12688 --- [springBoot] [restartedMain] liquibase.util                           : Total change sets:           15
2026-08-25T10:22:42.342+03:00  INFO 12688 --- [springBoot] [restartedMain] liquibase.util                           : Update summary generated
2026-08-25T10:22:42.342+03:00  INFO 12688 --- [springBoot] [restartedMain] liquibase.command                        : Command execution complete
2026-08-25T10:22:42.386+03:00  INFO 12688 --- [springBoot] [restartedMain] o.hibernate.jpa.internal.util.LogHelper  : HHH000204: Processing PersistenceUnitInfo [name: default]
2026-08-25T10:22:42.389+03:00  INFO 12688 --- [springBoot] [restartedMain] o.h.c.internal.RegionFactoryInitiator    : HHH000026: Second-level cache disabled
2026-08-25T10:22:42.400+03:00  INFO 12688 --- [springBoot] [restartedMain] o.s.o.j.p.SpringPersistenceUnitInfo      : No LoadTimeWeaver setup: ignoring JPA class transformer
2026-08-25T10:22:42.410+03:00  INFO 12688 --- [springBoot] [restartedMain] org.hibernate.orm.connections.pooling    : HHH10001005: Database info:
	Database JDBC URL [Connecting through datasource 'HikariDataSource (HikariPool-4)']
	Database driver: undefined/unknown
	Database version: 8.0.45
	Autocommit mode: undefined/unknown
	Isolation level: undefined/unknown
	Minimum pool size: undefined/unknown
	Maximum pool size: undefined/unknown
2026-08-25T10:22:42.618+03:00  INFO 12688 --- [springBoot] [restartedMain] o.h.e.t.j.p.i.JtaPlatformInitiator       : HHH000489: No JTA platform available (set 'hibernate.transaction.jta.platform' to enable JTA platform integration)
2026-08-25T10:22:42.619+03:00  INFO 12688 --- [springBoot] [restartedMain] j.LocalContainerEntityManagerFactoryBean : Initialized JPA EntityManagerFactory for persistence unit 'default'
2026-08-25T10:22:42.958+03:00  WARN 12688 --- [springBoot] [restartedMain] JpaBaseConfiguration$JpaWebConfiguration : spring.jpa.open-in-view is enabled by default. Therefore, database queries may be performed during view rendering. Explicitly configure spring.jpa.open-in-view to disable this warning
2026-08-25T10:22:42.995+03:00  INFO 12688 --- [springBoot] [restartedMain] r$InitializeUserDetailsManagerConfigurer : Global AuthenticationManager configured with UserDetailsService bean with name userSecurityService
2026-08-25T10:22:43.315+03:00  INFO 12688 --- [springBoot] [restartedMain] o.s.b.a.e.web.EndpointLinksResolver      : Exposing 1 endpoint beneath base path '/actuator'
2026-08-25T10:22:43.716+03:00  INFO 12688 --- [springBoot] [restartedMain] o.s.b.d.a.OptionalLiveReloadServer       : LiveReload server is running on port 35729
2026-08-25T10:22:43.741+03:00  INFO 12688 --- [springBoot] [restartedMain] o.s.b.w.embedded.tomcat.TomcatWebServer  : Tomcat started on port 8080 (http) with context path '/'
2026-08-25T10:22:43.745+03:00  INFO 12688 --- [springBoot] [restartedMain] .WebApplicationShopSpringBootApplication : Started WebApplicationShopSpringBootApplication in 3.063 seconds (process running for 720.924)
2026-08-25T10:22:43.748+03:00  INFO 12688 --- [springBoot] [restartedMain] .ConditionEvaluationDeltaLoggingListener : Condition evaluation unchanged
2026-08-25T10:27:57.293+03:00  INFO 12688 --- [springBoot] [File Watcher] rtingClassPathChangeChangedEventListener : Restarting due to 6 class path changes (0 additions, 6 deletions, 0 modifications)
2026-08-25T10:27:57.328+03:00  INFO 12688 --- [springBoot] [Thread-15] o.s.b.w.e.tomcat.GracefulShutdown        : Commencing graceful shutdown. Waiting for active requests to complete
2026-08-25T10:27:57.345+03:00  INFO 12688 --- [springBoot] [tomcat-shutdown] o.s.b.w.e.tomcat.GracefulShutdown        : Graceful shutdown complete
2026-08-25T10:27:57.359+03:00  INFO 12688 --- [springBoot] [Thread-15] j.LocalContainerEntityManagerFactoryBean : Closing JPA EntityManagerFactory for persistence unit 'default'
2026-08-25T10:27:57.375+03:00  INFO 12688 --- [springBoot] [Thread-15] com.zaxxer.hikari.HikariDataSource       : HikariPool-4 - Shutdown initiated...
2026-08-25T10:27:57.404+03:00  INFO 12688 --- [springBoot] [Thread-15] com.zaxxer.hikari.HikariDataSource       : HikariPool-4 - Shutdown completed.
2026-08-25T10:27:57.748+03:00  INFO 12688 --- [springBoot] [restartedMain] .WebApplicationShopSpringBootApplication : Starting WebApplicationShopSpringBootApplication using Java 21.0.11 with PID 12688 (C:\Users\System Administrator\IdeaProjects\Web_Application_Shop_Spring_Boot\target\classes started by System Administrator in C:\Users\System Administrator\IdeaProjects\Web_Application_Shop_Spring_Boot)
2026-08-25T10:27:57.749+03:00  INFO 12688 --- [springBoot] [restartedMain] .WebApplicationShopSpringBootApplication : No active profile set, falling back to 1 default profile: "default"
2026-08-25T10:27:58.804+03:00  INFO 12688 --- [springBoot] [restartedMain] .s.d.r.c.RepositoryConfigurationDelegate : Bootstrapping Spring Data JPA repositories in DEFAULT mode.
2026-08-25T10:27:58.947+03:00  INFO 12688 --- [springBoot] [restartedMain] .s.d.r.c.RepositoryConfigurationDelegate : Finished Spring Data repository scanning in 140 ms. Found 11 JPA repository interfaces.
2026-08-25T10:27:59.358+03:00  INFO 12688 --- [springBoot] [restartedMain] o.s.b.w.embedded.tomcat.TomcatWebServer  : Tomcat initialized with port 8080 (http)
2026-08-25T10:27:59.363+03:00  INFO 12688 --- [springBoot] [restartedMain] o.apache.catalina.core.StandardService   : Starting service [Tomcat]
2026-08-25T10:27:59.363+03:00  INFO 12688 --- [springBoot] [restartedMain] o.apache.catalina.core.StandardEngine    : Starting Servlet engine: [Apache Tomcat/10.1.34]
2026-08-25T10:27:59.391+03:00  INFO 12688 --- [springBoot] [restartedMain] o.a.c.c.C.[Tomcat].[localhost].[/]       : Initializing Spring embedded WebApplicationContext
2026-08-25T10:27:59.391+03:00  INFO 12688 --- [springBoot] [restartedMain] w.s.c.ServletWebServerApplicationContext : Root WebApplicationContext: initialization completed in 1636 ms
2026-08-25T10:27:59.513+03:00  INFO 12688 --- [springBoot] [restartedMain] com.zaxxer.hikari.HikariDataSource       : HikariPool-5 - Starting...
2026-08-25T10:27:59.559+03:00  INFO 12688 --- [springBoot] [restartedMain] com.zaxxer.hikari.pool.HikariPool        : HikariPool-5 - Added connection com.mysql.cj.jdbc.ConnectionImpl@319f5554
2026-08-25T10:27:59.559+03:00  INFO 12688 --- [springBoot] [restartedMain] com.zaxxer.hikari.HikariDataSource       : HikariPool-5 - Start completed.
2026-08-25T10:27:59.899+03:00  INFO 12688 --- [springBoot] [restartedMain] liquibase.changelog                      : Reading from ShopSpringBoot.databasechangelog
2026-08-25T10:27:59.932+03:00  INFO 12688 --- [springBoot] [restartedMain] liquibase.ui                             : Database is up to date, no changesets to execute
2026-08-25T10:27:59.934+03:00  INFO 12688 --- [springBoot] [restartedMain] liquibase.changelog                      : Reading from ShopSpringBoot.databasechangelog
2026-08-25T10:27:59.937+03:00  INFO 12688 --- [springBoot] [restartedMain] liquibase.util                           : UPDATE SUMMARY
2026-08-25T10:27:59.937+03:00  INFO 12688 --- [springBoot] [restartedMain] liquibase.util                           : Run:                          0
2026-08-25T10:27:59.937+03:00  INFO 12688 --- [springBoot] [restartedMain] liquibase.util                           : Previously run:              15
2026-08-25T10:27:59.937+03:00  INFO 12688 --- [springBoot] [restartedMain] liquibase.util                           : Filtered out:                 0
2026-08-25T10:27:59.937+03:00  INFO 12688 --- [springBoot] [restartedMain] liquibase.util                           : -------------------------------
2026-08-25T10:27:59.937+03:00  INFO 12688 --- [springBoot] [restartedMain] liquibase.util                           : Total change sets:           15
2026-08-25T10:27:59.937+03:00  INFO 12688 --- [springBoot] [restartedMain] liquibase.util                           : Update summary generated
2026-08-25T10:27:59.938+03:00  INFO 12688 --- [springBoot] [restartedMain] liquibase.command                        : Command execution complete
2026-08-25T10:27:59.995+03:00  INFO 12688 --- [springBoot] [restartedMain] o.hibernate.jpa.internal.util.LogHelper  : HHH000204: Processing PersistenceUnitInfo [name: default]
2026-08-25T10:27:59.998+03:00  INFO 12688 --- [springBoot] [restartedMain] o.h.c.internal.RegionFactoryInitiator    : HHH000026: Second-level cache disabled
2026-08-25T10:28:00.018+03:00  INFO 12688 --- [springBoot] [restartedMain] o.s.o.j.p.SpringPersistenceUnitInfo      : No LoadTimeWeaver setup: ignoring JPA class transformer
2026-08-25T10:28:00.021+03:00  INFO 12688 --- [springBoot] [restartedMain] org.hibernate.orm.connections.pooling    : HHH10001005: Database info:
	Database JDBC URL [Connecting through datasource 'HikariDataSource (HikariPool-5)']
	Database driver: undefined/unknown
	Database version: 8.0.45
	Autocommit mode: undefined/unknown
	Isolation level: undefined/unknown
	Minimum pool size: undefined/unknown
	Maximum pool size: undefined/unknown
2026-08-25T10:28:00.305+03:00  INFO 12688 --- [springBoot] [restartedMain] o.h.e.t.j.p.i.JtaPlatformInitiator       : HHH000489: No JTA platform available (set 'hibernate.transaction.jta.platform' to enable JTA platform integration)
2026-08-25T10:28:00.305+03:00  INFO 12688 --- [springBoot] [restartedMain] j.LocalContainerEntityManagerFactoryBean : Initialized JPA EntityManagerFactory for persistence unit 'default'
2026-08-25T10:28:00.584+03:00  WARN 12688 --- [springBoot] [restartedMain] ConfigServletWebServerApplicationContext : Exception encountered during context initialization - cancelling refresh attempt: org.springframework.beans.factory.UnsatisfiedDependencyException: Error creating bean with name 'operatorController' defined in file [C:\Users\System Administrator\IdeaProjects\Web_Application_Shop_Spring_Boot\target\classes\org\example\webApplicationShopSpringBoot\controller\operatorController\OperatorController.class]: Unsatisfied dependency expressed through constructor parameter 1: No qualifying bean of type 'org.example.webApplicationShopSpringBoot.service.user.UserService' available: expected at least 1 bean which qualifies as autowire candidate. Dependency annotations: {}
2026-08-25T10:28:00.585+03:00  INFO 12688 --- [springBoot] [restartedMain] j.LocalContainerEntityManagerFactoryBean : Closing JPA EntityManagerFactory for persistence unit 'default'
2026-08-25T10:28:00.585+03:00  INFO 12688 --- [springBoot] [restartedMain] com.zaxxer.hikari.HikariDataSource       : HikariPool-5 - Shutdown initiated...
2026-08-25T10:28:00.591+03:00  INFO 12688 --- [springBoot] [restartedMain] com.zaxxer.hikari.HikariDataSource       : HikariPool-5 - Shutdown completed.
2026-08-25T10:28:00.593+03:00  INFO 12688 --- [springBoot] [restartedMain] o.apache.catalina.core.StandardService   : Stopping service [Tomcat]
2026-08-25T10:28:00.602+03:00  INFO 12688 --- [springBoot] [restartedMain] .s.b.a.l.ConditionEvaluationReportLogger : 

Error starting ApplicationContext. To display the condition evaluation report re-run your application with 'debug' enabled.
2026-08-25T10:28:00.613+03:00 ERROR 12688 --- [springBoot] [restartedMain] o.s.b.d.LoggingFailureAnalysisReporter   : 

***************************
APPLICATION FAILED TO START
***************************

Description:

Parameter 1 of constructor in org.example.webApplicationShopSpringBoot.controller.operatorController.OperatorController required a bean of type 'org.example.webApplicationShopSpringBoot.service.user.UserService' that could not be found.


Action:

Consider defining a bean of type 'org.example.webApplicationShopSpringBoot.service.user.UserService' in your configuration.

2026-08-25T10:51:07.039+03:00  INFO 17888 --- [springBoot] [restartedMain] .WebApplicationShopSpringBootApplication : Starting WebApplicationShopSpringBootApplication using Java 21.0.11 with PID 17888 (C:\Users\System Administrator\IdeaProjects\Web_Application_Shop_Spring_Boot\target\classes started by System Administrator in C:\Users\System Administrator\IdeaProjects\Web_Application_Shop_Spring_Boot)
2026-08-25T10:51:07.041+03:00  INFO 17888 --- [springBoot] [restartedMain] .WebApplicationShopSpringBootApplication : No active profile set, falling back to 1 default profile: "default"
2026-08-25T10:51:07.076+03:00  INFO 17888 --- [springBoot] [restartedMain] .e.DevToolsPropertyDefaultsPostProcessor : Devtools property defaults active! Set 'spring.devtools.add-properties' to 'false' to disable
2026-08-25T10:51:07.077+03:00  INFO 17888 --- [springBoot] [restartedMain] .e.DevToolsPropertyDefaultsPostProcessor : For additional web related logging consider setting the 'logging.level.web' property to 'DEBUG'
2026-08-25T10:51:07.986+03:00  INFO 17888 --- [springBoot] [restartedMain] .s.d.r.c.RepositoryConfigurationDelegate : Bootstrapping Spring Data JPA repositories in DEFAULT mode.
2026-08-25T10:51:08.082+03:00  INFO 17888 --- [springBoot] [restartedMain] .s.d.r.c.RepositoryConfigurationDelegate : Finished Spring Data repository scanning in 87 ms. Found 11 JPA repository interfaces.
2026-08-25T10:51:08.760+03:00  INFO 17888 --- [springBoot] [restartedMain] o.s.b.w.embedded.tomcat.TomcatWebServer  : Tomcat initialized with port 8080 (http)
2026-08-25T10:51:08.772+03:00  INFO 17888 --- [springBoot] [restartedMain] o.apache.catalina.core.StandardService   : Starting service [Tomcat]
2026-08-25T10:51:08.772+03:00  INFO 17888 --- [springBoot] [restartedMain] o.apache.catalina.core.StandardEngine    : Starting Servlet engine: [Apache Tomcat/10.1.34]
2026-08-25T10:51:08.812+03:00  INFO 17888 --- [springBoot] [restartedMain] o.a.c.c.C.[Tomcat].[localhost].[/]       : Initializing Spring embedded WebApplicationContext
2026-08-25T10:51:08.812+03:00  INFO 17888 --- [springBoot] [restartedMain] w.s.c.ServletWebServerApplicationContext : Root WebApplicationContext: initialization completed in 1735 ms
2026-08-25T10:51:09.086+03:00  INFO 17888 --- [springBoot] [restartedMain] com.zaxxer.hikari.HikariDataSource       : HikariPool-1 - Starting...
2026-08-25T10:51:09.412+03:00  INFO 17888 --- [springBoot] [restartedMain] com.zaxxer.hikari.pool.HikariPool        : HikariPool-1 - Added connection com.mysql.cj.jdbc.ConnectionImpl@243ce62b
2026-08-25T10:51:09.413+03:00  INFO 17888 --- [springBoot] [restartedMain] com.zaxxer.hikari.HikariDataSource       : HikariPool-1 - Start completed.
2026-08-25T10:51:10.123+03:00  INFO 17888 --- [springBoot] [restartedMain] liquibase.changelog                      : Reading from ShopSpringBoot.databasechangelog
2026-08-25T10:51:10.180+03:00  INFO 17888 --- [springBoot] [restartedMain] liquibase.ui                             : Database is up to date, no changesets to execute
2026-08-25T10:51:10.183+03:00  INFO 17888 --- [springBoot] [restartedMain] liquibase.changelog                      : Reading from ShopSpringBoot.databasechangelog
2026-08-25T10:51:10.190+03:00  INFO 17888 --- [springBoot] [restartedMain] liquibase.util                           : UPDATE SUMMARY
2026-08-25T10:51:10.190+03:00  INFO 17888 --- [springBoot] [restartedMain] liquibase.util                           : Run:                          0
2026-08-25T10:51:10.190+03:00  INFO 17888 --- [springBoot] [restartedMain] liquibase.util                           : Previously run:              15
2026-08-25T10:51:10.190+03:00  INFO 17888 --- [springBoot] [restartedMain] liquibase.util                           : Filtered out:                 0
2026-08-25T10:51:10.190+03:00  INFO 17888 --- [springBoot] [restartedMain] liquibase.util                           : -------------------------------
2026-08-25T10:51:10.190+03:00  INFO 17888 --- [springBoot] [restartedMain] liquibase.util                           : Total change sets:           15
2026-08-25T10:51:10.191+03:00  INFO 17888 --- [springBoot] [restartedMain] liquibase.util                           : Update summary generated
2026-08-25T10:51:10.192+03:00  INFO 17888 --- [springBoot] [restartedMain] liquibase.command                        : Command execution complete
2026-08-25T10:51:10.281+03:00  INFO 17888 --- [springBoot] [restartedMain] o.hibernate.jpa.internal.util.LogHelper  : HHH000204: Processing PersistenceUnitInfo [name: default]
2026-08-25T10:51:10.334+03:00  INFO 17888 --- [springBoot] [restartedMain] org.hibernate.Version                    : HHH000412: Hibernate ORM core version 6.6.5.Final
2026-08-25T10:51:10.374+03:00  INFO 17888 --- [springBoot] [restartedMain] o.h.c.internal.RegionFactoryInitiator    : HHH000026: Second-level cache disabled
2026-08-25T10:51:10.631+03:00  INFO 17888 --- [springBoot] [restartedMain] o.s.o.j.p.SpringPersistenceUnitInfo      : No LoadTimeWeaver setup: ignoring JPA class transformer
2026-08-25T10:51:10.697+03:00  INFO 17888 --- [springBoot] [restartedMain] org.hibernate.orm.connections.pooling    : HHH10001005: Database info:
	Database JDBC URL [Connecting through datasource 'HikariDataSource (HikariPool-1)']
	Database driver: undefined/unknown
	Database version: 8.0.45
	Autocommit mode: undefined/unknown
	Isolation level: undefined/unknown
	Minimum pool size: undefined/unknown
	Maximum pool size: undefined/unknown
2026-08-25T10:51:11.730+03:00  INFO 17888 --- [springBoot] [restartedMain] o.h.e.t.j.p.i.JtaPlatformInitiator       : HHH000489: No JTA platform available (set 'hibernate.transaction.jta.platform' to enable JTA platform integration)
2026-08-25T10:51:11.733+03:00  INFO 17888 --- [springBoot] [restartedMain] j.LocalContainerEntityManagerFactoryBean : Initialized JPA EntityManagerFactory for persistence unit 'default'
2026-08-25T10:51:11.992+03:00  INFO 17888 --- [springBoot] [restartedMain] o.s.d.j.r.query.QueryEnhancerFactory     : Hibernate is in classpath; If applicable, HQL parser will be used.
2026-08-25T10:51:12.797+03:00  WARN 17888 --- [springBoot] [restartedMain] JpaBaseConfiguration$JpaWebConfiguration : spring.jpa.open-in-view is enabled by default. Therefore, database queries may be performed during view rendering. Explicitly configure spring.jpa.open-in-view to disable this warning
2026-08-25T10:51:12.832+03:00  INFO 17888 --- [springBoot] [restartedMain] r$InitializeUserDetailsManagerConfigurer : Global AuthenticationManager configured with UserDetailsService bean with name userSecurityService
2026-08-25T10:51:13.424+03:00  INFO 17888 --- [springBoot] [restartedMain] o.s.b.a.e.web.EndpointLinksResolver      : Exposing 1 endpoint beneath base path '/actuator'
2026-08-25T10:51:13.938+03:00  INFO 17888 --- [springBoot] [restartedMain] o.s.b.d.a.OptionalLiveReloadServer       : LiveReload server is running on port 35729
2026-08-25T10:51:14.011+03:00  INFO 17888 --- [springBoot] [restartedMain] o.s.b.w.embedded.tomcat.TomcatWebServer  : Tomcat started on port 8080 (http) with context path '/'
2026-08-25T10:51:14.021+03:00  INFO 17888 --- [springBoot] [restartedMain] .WebApplicationShopSpringBootApplication : Started WebApplicationShopSpringBootApplication in 7.359 seconds (process running for 8.171)
2026-08-25T10:52:12.217+03:00  INFO 17888 --- [springBoot] [http-nio-8080-exec-1] o.a.c.c.C.[Tomcat].[localhost].[/]       : Initializing Spring DispatcherServlet 'dispatcherServlet'
2026-08-25T10:52:12.217+03:00  INFO 17888 --- [springBoot] [http-nio-8080-exec-1] o.s.web.servlet.DispatcherServlet        : Initializing Servlet 'dispatcherServlet'
2026-08-25T10:52:12.219+03:00  INFO 17888 --- [springBoot] [http-nio-8080-exec-1] o.s.web.servlet.DispatcherServlet        : Completed initialization in 2 ms
2026-08-25T10:52:18.214+03:00  INFO 17888 --- [springBoot] [http-nio-8080-exec-4] o.e.w.controller.filter.SecurityLogger   : Пользователь "user" с ролью CLIENT успешно вошёл с систему!
2026-08-25T10:52:23.343+03:00  INFO 17888 --- [springBoot] [http-nio-8080-exec-3] o.e.w.service.user.UserServiceImpl       : Пользователь с id 6 успешно обновлён!
2026-08-25T10:52:29.274+03:00  INFO 17888 --- [springBoot] [http-nio-8080-exec-10] o.e.w.service.bag.BagServiceImpl         : Значение продукта с id 1 успешно увеличено в корзине пользователя с id 6!
2026-08-25T10:52:29.719+03:00  INFO 17888 --- [springBoot] [http-nio-8080-exec-4] o.e.w.service.bag.BagServiceImpl         : Значение продукта с id 1 успешно увеличено в корзине пользователя с id 6!
2026-08-25T10:52:30.378+03:00  INFO 17888 --- [springBoot] [http-nio-8080-exec-5] o.e.w.service.bag.BagServiceImpl         : Значение продукта с id 2 успешно увеличено в корзине пользователя с id 6!
2026-08-25T10:52:30.751+03:00  INFO 17888 --- [springBoot] [http-nio-8080-exec-6] o.e.w.service.bag.BagServiceImpl         : Значение продукта с id 2 успешно увеличено в корзине пользователя с id 6!
2026-08-25T10:52:37.146+03:00  INFO 17888 --- [springBoot] [http-nio-8080-exec-9] o.e.w.s.userOrder.UserOrderServiceImpl   : Заказ с id 6 для пользователя с id 14 успешно создан!
2026-08-25T10:53:01.867+03:00  INFO 17888 --- [springBoot] [http-nio-8080-exec-6] o.e.w.controller.filter.SecurityLogger   : Пользователь "operator" с ролью OPERATOR успешно вошёл с систему!
2026-08-25T10:53:02.897+03:00  WARN 17888 --- [springBoot] [http-nio-8080-exec-8] o.e.w.controller.GlobalExceptionHandler  : Ошибка сервиса: Заказы "в пути" отсутствуют!
2026-08-25T10:53:02.898+03:00  WARN 17888 --- [springBoot] [http-nio-8080-exec-8] .m.m.a.ExceptionHandlerExceptionResolver : Resolved [org.example.webApplicationShopSpringBoot.service.exceptions.EmptyList: Заказы "в пути" отсутствуют!]
2026-08-25T10:53:05.114+03:00  WARN 17888 --- [springBoot] [http-nio-8080-exec-10] o.e.w.controller.filter.SecurityLogger   : Пользователь operator вышел из системы 
2026-08-25T10:53:09.125+03:00  INFO 17888 --- [springBoot] [http-nio-8080-exec-4] o.e.w.controller.filter.SecurityLogger   : Пользователь "operator4" с ролью OPERATOR успешно вошёл с систему!
2026-08-25T10:53:24.619+03:00  INFO 17888 --- [springBoot] [http-nio-8080-exec-6] o.e.w.s.userOrder.UserOrderServiceImpl   : Статус заказа с id успешно изменён на READY
2026-08-25T10:53:30.728+03:00  INFO 17888 --- [springBoot] [http-nio-8080-exec-9] o.e.w.s.u.UserOrderProductServiceImpl    : Значение продукта с id 1 успешно уменьшено до 1 в заказе с id 14!
2026-08-25T10:56:16.029+03:00  INFO 17888 --- [springBoot] [SpringApplicationShutdownHook] o.s.b.w.e.tomcat.GracefulShutdown        : Commencing graceful shutdown. Waiting for active requests to complete
2026-08-25T10:56:16.037+03:00  INFO 17888 --- [springBoot] [tomcat-shutdown] o.s.b.w.e.tomcat.GracefulShutdown        : Graceful shutdown complete
2026-08-25T10:56:16.051+03:00  INFO 17888 --- [springBoot] [SpringApplicationShutdownHook] j.LocalContainerEntityManagerFactoryBean : Closing JPA EntityManagerFactory for persistence unit 'default'
2026-08-25T10:56:16.060+03:00  INFO 17888 --- [springBoot] [SpringApplicationShutdownHook] com.zaxxer.hikari.HikariDataSource       : HikariPool-1 - Shutdown initiated...
2026-08-25T10:56:16.096+03:00  INFO 17888 --- [springBoot] [SpringApplicationShutdownHook] com.zaxxer.hikari.HikariDataSource       : HikariPool-1 - Shutdown completed.
